// Jest Snapshot v1, https://goo.gl/fbAQLP

exports[`shallow renders 1`] = `
<div
  class="App"
>
  <div
    class="NotAirBnB"
  >
    <h1>
      Not AirBnB
    </h1>
    <div
      id="Cart"
    >
      <h2>
        Your Cart
      </h2>
      <ul />
      <h3>
        Your Total
      </h3>
      <p>
        $0
      </p>
    </div>
    <hr />
    <div
      class="allRentals"
    >
      <h2>
        Available Rentals
      </h2>
      <ul
        id="rentals"
      >
        <li
          class="rental"
        >
          <img
            alt="Centrally-located Manhattan studio"
            class="rentalImage"
            src="https://images.unsplash.com/photo-1490806230066-f7e6f7bf5052?ixlib=rb-0.3.5&ixid=eyJhcHBfaWQiOjEyMDd9&s=2ca889535ea01f912f94ac4ddf0034e0&auto=format&fit=crop&w=500&q=80"
          />
          <p
            class="houseType"
          >
            Apartment
          </p>
          <h3>
            Centrally-located Manhattan studio
          </h3>
          <p
            class="price"
          >
            $105 per person
          </p>
          <p
            class="rating"
          >
            <span>
              3
            </span>
             
            <img
              alt="star"
              src="star.svg"
              width="12"
            />
             
            <span>
              (133)
            </span>
          </p>
          <button>
            Add to Cart
          </button>
        </li>
        <li
          class="rental"
        >
          <img
            alt="Denver apartment outside Union Station"
            class="rentalImage"
            src="https://images.unsplash.com/photo-1519424187720-db6d0fc5a5d2?ixlib=rb-0.3.5&ixid=eyJhcHBfaWQiOjEyMDd9&s=19f783ae564d7c6da4777cde1a84c1c9&auto=format&fit=crop&w=500&q=80"
          />
          <p
            class="houseType"
          >
            Apartment
          </p>
          <h3>
            Denver apartment outside Union Station
          </h3>
          <p
            class="price"
          >
            $130 per person
          </p>
          <p
            class="rating"
          >
            <span>
              4.5
            </span>
             
            <img
              alt="star"
              src="star.svg"
              width="12"
            />
             
            <span>
              (381)
            </span>
          </p>
          <button>
            Add to Cart
          </button>
        </li>
        <li
          class="rental"
        >
          <img
            alt="Quaint 3-bedroom home in Gamla stan"
            class="rentalImage"
            src="https://images.unsplash.com/photo-1495136568018-11a54caad6b5?ixlib=rb-0.3.5&ixid=eyJhcHBfaWQiOjEyMDd9&s=b4d19de84a578b1175e85e0811f41c97&auto=format&fit=crop&w=500&q=80"
          />
          <p
            class="houseType"
          >
            Entire House
          </p>
          <h3>
            Quaint 3-bedroom home in Gamla stan
          </h3>
          <p
            class="price"
          >
            $230 per person
          </p>
          <p
            class="rating"
          >
            <span>
              5
            </span>
             
            <img
              alt="star"
              src="star.svg"
              width="12"
            />
             
            <span>
              (83)
            </span>
          </p>
          <button>
            Add to Cart
          </button>
        </li>
      </ul>
    </div>
  </div>
</div>
`;
